ets Jul 29 2019 12:21:46

rst:0x1 (POWERON_RESET),boot:0x13 (SPI_FAST_FLASH_BOOT)
configsip: 0, SPIWP:0xee
clk_drv:0x00,q_drv:0x00,d_drv:0x00,cs0_drv:0x00,hd_drv:0x00,wp_drv:0x00
mode:DIO, clock div:2
load:0x3fff0030,len:7172
load:0x40078000,len:15532
load:0x40080400,len:4
load:0x40080404,len:3904
entry 0x40080640
[0;32mI (29) boot: ESP-IDF v5.2 2nd stage bootloader[0m
[0;32mI (29) boot: compile time Jul  2 2025 12:00:47[0m
[0;32mI (29) boot: Multicore bootloader[0m
[0;32mI (33) boot: chip revision: v3.1[0m
[0;32mI (37) boot.esp32: SPI Speed      : 40MHz[0m
[0;32mI (42) boot.esp32: SPI Mode       : DIO[0m
[0;32mI (46) boot.esp32: SPI Flash Size : 2MB[0m
[0;32mI (51) boot: Enabling RNG early entropy source...[0m
[0;32mI (56) boot: Partition Table:[0m
[0;32mI (60) boot: ## Label            Usage          Type ST Offset   Length[0m
[0;32mI (67) boot:  0 nvs              WiFi data        01 02 00009000 00006000[0m
[0;32mI (75) boot:  1 phy_init         RF data          01 01 0000f000 00001000[0m
[0;32mI (82) boot:  2 factory          factory app      00 00 00010000 00100000[0m
[0;32mI (90) boot: End of partition table[0m
[0;32mI (94) esp_image: segment 0: paddr=00010020 vaddr=3f400020 size=0e6c4h ( 59076) map[0m
[0;32mI (123) esp_image: segment 1: paddr=0001e6ec vaddr=3ffb0000 size=0192ch (  6444) load[0m
[0;32mI (125) esp_image: segment 2: paddr=00020020 vaddr=400d0020 size=197ach (104364) map[0m
[0;32mI (164) esp_image: segment 3: paddr=000397d4 vaddr=3ffb192c size=009b0h (  2480) load[0m
[0;32mI (165) esp_image: segment 4: paddr=0003a18c vaddr=40080000 size=0e46ch ( 58476) load[0m
[0;32mI (200) boot: Loaded app from partition at offset 0x10000[0m
[0;32mI (200) boot: Disabling RNG early entropy source...[0m
[0;32mI (211) cpu_start: Multicore app[0m
[0;32mI (220) cpu_start: Pro cpu start user code[0m
[0;32mI (220) cpu_start: cpu freq: 160000000 Hz[0m
[0;32mI (220) cpu_start: Application information:[0m
[0;32mI (223) cpu_start: Project name:     vl53l0x_project[0m
[0;32mI (229) cpu_start: App version:      c566197-dirty[0m
[0;32mI (234) cpu_start: Compile time:     Jul  2 2025 12:00:27[0m
[0;32mI (241) cpu_start: ELF file SHA256:  7c9c797f0...[0m
[0;32mI (246) cpu_start: ESP-IDF:          v5.2[0m
[0;32mI (251) cpu_start: Min chip rev:     v0.0[0m
[0;32mI (255) cpu_start: Max chip rev:     v3.99 [0m
[0;32mI (260) cpu_start: Chip rev:         v3.1[0m
[0;32mI (265) heap_init: Initializing. RAM available for dynamic allocation:[0m
[0;32mI (272) heap_init: At 3FFAE6E0 len 00001920 (6 KiB): DRAM[0m
[0;32mI (278) heap_init: At 3FFB2C08 len 0002D3F8 (180 KiB): DRAM[0m
[0;32mI (284) heap_init: At 3FFE0440 len 00003AE0 (14 KiB): D/IRAM[0m
[0;32mI (291) heap_init: At 3FFE4350 len 0001BCB0 (111 KiB): D/IRAM[0m
[0;32mI (297) heap_init: At 4008E46C len 00011B94 (70 KiB): IRAM[0m
[0;32mI (305) spi_flash: detected chip: generic[0m
[0;32mI (308) spi_flash: flash io: dio[0m
[0;33mW (312) spi_flash: Detected size(4096k) larger than the size in the binary image header(2048k). Using the size in the binary image header.[0m
[0;33mW (325) i2c: This driver is an old driver, please migrate your application code to adapt `driver/i2c_master.h`[0m
[0;32mI (336) main_task: Started on CPU0[0m
[0;32mI (346) main_task: Calling app_main()[0m

ðŸ”§ CONFIGURANDO I2C EN PINES ALTERNATIVOS
âœ… I2C configurado en GPIO 18/19

ðŸ“ VL53L0X CON PINES ALTERNATIVOS
=================================
NUEVAS CONEXIONES:
  VCC  -> 3.3V
  GND  -> GND
  SCL  -> GPIO 18 (era 22)
  SDA  -> GPIO 19 (era 21)
  XSHUT-> 3.3V (opcional)
=================================

Esperando conexiÃ³n del sensor...
[0;32mI (376) main_task: Returned from app_main()[0m
Escaneando bus I2C...
âŒ No se encontraron dispositivos
Verificar nuevas conexiones en GPIO 18/19
[0;31mE (123376) FreeRTOS: FreeRTOS Task "sensor_task" should not return, Aborting now![0m

abort() was called at PC 0x40087bdf on core 0


Backtrace: 0x40081736:0x3ffb8180 0x40087119:0x3ffb81a0 0x4008cdfd:0x3ffb81c0 0x40087bdf:0x3ffb8230




ELF file SHA256: 7c9c797f0

Rebooting...
ets Jul 29 2019 12:21:46

rst:0xc (SW_CPU_RESET),boot:0x13 (SPI_FAST_FLASH_BOOT)
configsip: 0, SPIWP:0xee
clk_drv:0x00,q_drv:0x00,d_drv:0x00,cs0_drv:0x00,hd_drv:0x00,wp_drv:0x00
mode:DIO, clock div:2
load:0x3fff0030,len:7172
load:0x40078000,len:15532
load:0x40080400,len:4
load:0x40080404,len:3904
entry 0x40080640
[0;32mI (29) boot: ESP-IDF v5.2 2nd stage bootloader[0m
[0;32mI (29) boot: compile time Jul  2 2025 12:00:47[0m
[0;32mI (29) boot: Multicore bootloader[0m
[0;32mI (33) boot: chip revision: v3.1[0m
[0;32mI (37) boot.esp32: SPI Speed      : 40MHz[0m
[0;32mI (42) boot.esp32: SPI Mode       : DIO[0m
[0;32mI (46) boot.esp32: SPI Flash Size : 2MB[0m
[0;32mI (51) boot: Enabling RNG early entropy source...[0m
[0;32mI (56) boot: Partition Table:[0m
[0;32mI (60) boot: ## Label            Usage          Type ST Offset   Length[0m
[0;32mI (67) boot:  0 nvs              WiFi data        01 02 00009000 00006000[0m
[0;32mI (75) boot:  1 phy_init         RF data          01 01 0000f000 00001000[0m
[0;32mI (82) boot:  2 factory          factory app      00 00 00010000 00100000[0m
[0;32mI (90) boot: End of partition table[0m
[0;32mI (94) esp_image: segment 0: paddr=00010020 vaddr=3f400020 size=0e6c4h ( 59076) map[0m
[0;32mI (122) esp_image: segment 1: paddr=0001e6ec vaddr=3ffb0000 size=0192ch (  6444) load[0m
[0;32mI (125) esp_image: segment 2: paddr=00020020 vaddr=400d0020 size=197ach (104364) map[0m
[0;32mI (164) esp_image: segment 3: paddr=000397d4 vaddr=3ffb192c size=009b0h (  2480) load[0m
[0;32mI (165) esp_image: segment 4: paddr=0003a18c vaddr=40080000 size=0e46ch ( 58476) load[0m
[0;32mI (200) boot: Loaded app from partition at offset 0x10000[0m
[0;32mI (200) boot: Disabling RNG early entropy source...[0m
[0;32mI (211) cpu_start: Multicore app[0m
[0;32mI (220) cpu_start: Pro cpu start user code[0m
[0;32mI (220) cpu_start: cpu freq: 160000000 Hz[0m
[0;32mI (220) cpu_start: Application information:[0m
[0;32mI (223) cpu_start: Project name:     vl53l0x_project[0m
[0;32mI (229) cpu_start: App version:      c566197-dirty[0m
[0;32mI (234) cpu_start: Compile time:     Jul  2 2025 12:00:27[0m
[0;32mI (240) cpu_start: ELF file SHA256:  7c9c797f0...[0m
[0;32mI (246) cpu_start: ESP-IDF:          v5.2[0m
[0;32mI (250) cpu_start: Min chip rev:     v0.0[0m
[0;32mI (255) cpu_start: Max chip rev:     v3.99 [0m
[0;32mI (260) cpu_start: Chip rev:         v3.1[0m
[0;32mI (265) heap_init: Initializing. RAM available for dynamic allocation:[0m
[0;32mI (272) heap_init: At 3FFAE6E0 len 00001920 (6 KiB): DRAM[0m
[0;32mI (278) heap_init: At 3FFB2C08 len 0002D3F8 (180 KiB): DRAM[0m
[0;32mI (284) heap_init: At 3FFE0440 len 00003AE0 (14 KiB): D/IRAM[0m
[0;32mI (291) heap_init: At 3FFE4350 len 0001BCB0 (111 KiB): D/IRAM[0m
[0;32mI (297) heap_init: At 4008E46C len 00011B94 (70 KiB): IRAM[0m
[0;32mI (305) spi_flash: detected chip: generic[0m
[0;32mI (308) spi_flash: flash io: dio[0m
[0;33mW (312) spi_flash: Detected size(4096k) larger than the size in the binary image header(2048k). Using the size in the binary image header.[0m
[0;33mW (325) i2c: This driver is an old driver, please migrate your application code to adapt `driver/i2c_master.h`[0m
[0;32mI (336) main_task: Started on CPU0[0m
[0;32mI (346) main_task: Calling app_main()[0m

ðŸ”§ CONFIGURANDO I2C EN PINES ALTERNATIVOS
âœ… I2C configurado en GPIO 18/19

ðŸ“ VL53L0X CON PINES ALTERNATIVOS
=================================
NUEVAS CONEXIONES:
  VCC  -> 3.3V
  GND  -> GND
  SCL  -> GPIO 18 (era 22)
  SDA  -> GPIO 19 (era 21)
  XSHUT-> 3.3V (opcional)
=================================

Esperando conexiÃ³n del sensor...
[0;32mI (376) main_task: Returned from app_main()[0m
Escaneando bus I2C...
âœ“ Dispositivo encontrado: 0x78
âœ“ Dispositivo encontrado: 0x7D

Inicializando VL53L0X...
[0;32mI (54836) 